// Jest Snapshot v1, https://goo.gl/fbAQLP

exports[`Should render p tag no expense when we pass empty array 1`] = `
<div>
  <p>
    no expenses
  </p>
</div>
`;

exports[`Should render the Expenses array 1`] = `
<div>
  <ExpenseListItem
    amount={6000}
    createdAt={432000000}
    description="rent"
    id="1"
    key="1"
    note="june"
  />
  <ExpenseListItem
    amount={500}
    createdAt={86400000}
    description="car"
    id="2"
    key="2"
    note="june"
  />
  <ExpenseListItem
    amount={3000}
    createdAt={-172800000}
    description="phone"
    id="3"
    key="3"
    note="aughst"
  />
</div>
`;
